// Jest Snapshot v1, https://goo.gl/fbAQLP

exports[`Hero should render the default component 1`] = `
{
  "asFragment": [Function],
  "baseElement": <body>
    <div>
      <p
        class="left"
        style="color: rgb(249, 249, 249); font-weight: 800; font-size: 2rem; font-family: 'Open Sans', sans-serif;"
      >
        Experts in Web3
         
        <span
          class="left pinkToBlue"
          style="color: rgb(51, 51, 51); font-weight: 800; font-size: 2rem; font-family: 'Open Sans', sans-serif;"
        >
          Security & Crisis Response
        </span>
        .
      </p>
      <p
        class="left"
        style="color: rgb(249, 249, 249); font-weight: 500; font-size: 1.75rem; font-family: 'Roboto', sans-serif;"
      >
        We're here when you need us.
      </p>
      <p
        class="left"
        style="color: rgb(249, 249, 249); font-weight: 700; font-size: 1.75rem; font-family: 'Roboto', sans-serif;"
      >
        Safer together.
      </p>
    </div>
  </body>,
  "container": <div>
    <p
      class="left"
      style="color: rgb(249, 249, 249); font-weight: 800; font-size: 2rem; font-family: 'Open Sans', sans-serif;"
    >
      Experts in Web3
       
      <span
        class="left pinkToBlue"
        style="color: rgb(51, 51, 51); font-weight: 800; font-size: 2rem; font-family: 'Open Sans', sans-serif;"
      >
        Security & Crisis Response
      </span>
      .
    </p>
    <p
      class="left"
      style="color: rgb(249, 249, 249); font-weight: 500; font-size: 1.75rem; font-family: 'Roboto', sans-serif;"
    >
      We're here when you need us.
    </p>
    <p
      class="left"
      style="color: rgb(249, 249, 249); font-weight: 700; font-size: 1.75rem; font-family: 'Roboto', sans-serif;"
    >
      Safer together.
    </p>
  </div>,
  "debug": [Function],
  "findAllByAltText": [Function],
  "findAllByDisplayValue": [Function],
  "findAllByLabelText": [Function],
  "findAllByPlaceholderText": [Function],
  "findAllByRole": [Function],
  "findAllByTestId": [Function],
  "findAllByText": [Function],
  "findAllByTitle": [Function],
  "findByAltText": [Function],
  "findByDisplayValue": [Function],
  "findByLabelText": [Function],
  "findByPlaceholderText": [Function],
  "findByRole": [Function],
  "findByTestId": [Function],
  "findByText": [Function],
  "findByTitle": [Function],
  "getAllByAltText": [Function],
  "getAllByDisplayValue": [Function],
  "getAllByLabelText": [Function],
  "getAllByPlaceholderText": [Function],
  "getAllByRole": [Function],
  "getAllByTestId": [Function],
  "getAllByText": [Function],
  "getAllByTitle": [Function],
  "getByAltText": [Function],
  "getByDisplayValue": [Function],
  "getByLabelText": [Function],
  "getByPlaceholderText": [Function],
  "getByRole": [Function],
  "getByTestId": [Function],
  "getByText": [Function],
  "getByTitle": [Function],
  "queryAllByAltText": [Function],
  "queryAllByDisplayValue": [Function],
  "queryAllByLabelText": [Function],
  "queryAllByPlaceholderText": [Function],
  "queryAllByRole": [Function],
  "queryAllByTestId": [Function],
  "queryAllByText": [Function],
  "queryAllByTitle": [Function],
  "queryByAltText": [Function],
  "queryByDisplayValue": [Function],
  "queryByLabelText": [Function],
  "queryByPlaceholderText": [Function],
  "queryByRole": [Function],
  "queryByTestId": [Function],
  "queryByText": [Function],
  "queryByTitle": [Function],
  "rerender": [Function],
  "unmount": [Function],
}
`;
